2026-01-22 16:18:59,164 INFO Starting run 000 (seed offset=0).
2026-01-22 16:18:59,164 INFO Generating background image.
2026-01-22 16:19:07,327 INFO Using base prompt: ultra-realistic wildlife photo, a single adult kangaroo, head-to-toe visible, uncropped, anatomically correct, natural fur detail, natural daylight
2026-01-22 16:19:07,327 INFO Using paired prompt: studio product photo, a Japanese-style kangaroo plush toy, full body visible, uncropped, felt/fabric texture, visible seams, embroidered face, softbox lighting
2026-01-22 16:19:07,327 INFO Generating anchor real object image.
2026-01-22 16:19:15,011 INFO Generating anchor toy object image.
2026-01-22 16:19:22,755 INFO Predicting real mask.
2026-01-22 16:19:23,196 INFO Predicting toy mask.
2026-01-22 16:19:23,410 INFO Computing alpha mattes.
2026-01-22 16:19:23,425 INFO Applying dominant color transformation.
2026-01-22 16:19:24,572 INFO Applying rare color transformation.
2026-01-22 16:19:27,823 INFO Compositing real images.
2026-01-22 16:19:27,862 INFO Compositing toy images.
2026-01-22 16:19:28,474 ERROR Scene real dom/rare differ outside object: 0.047483
2026-01-22 16:19:28,474 ERROR Scene toy dom/rare differ outside object: 0.090146
2026-01-22 16:19:28,482 INFO Run complete.
2026-01-22 16:19:28,485 INFO Starting run 001 (seed offset=1).
2026-01-22 16:19:28,485 INFO Generating background image.
2026-01-22 16:19:36,196 INFO Using base prompt: realistic nature photo, a single adult eastern grey kangaroo, full-length, fully in frame, realistic proportions, detailed fur, natural daylight
2026-01-22 16:19:36,196 INFO Using paired prompt: catalog product photo, a Japanese kawaii kangaroo plush doll, head-to-toe visible, uncropped, plush fabric, stitched seams, embroidered eyes, round face, blush cheeks
2026-01-22 16:19:36,196 INFO Generating anchor real object image.
2026-01-22 16:19:43,816 INFO Generating anchor toy object image.
2026-01-22 16:19:51,363 INFO Predicting real mask.
2026-01-22 16:19:51,560 INFO Predicting toy mask.
2026-01-22 16:19:51,771 INFO Computing alpha mattes.
2026-01-22 16:19:51,782 INFO Applying dominant color transformation.
2026-01-22 16:19:52,670 INFO Applying rare color transformation.
2026-01-22 16:19:55,128 INFO Compositing real images.
2026-01-22 16:19:55,172 INFO Compositing toy images.
2026-01-22 16:19:56,588 ERROR Scene real dom/rare differ outside object: 0.040831
2026-01-22 16:19:56,588 ERROR Scene toy dom/rare differ outside object: 0.097248
2026-01-22 16:19:56,594 INFO Run complete.
2026-01-22 16:19:56,597 INFO Starting run 002 (seed offset=2).
2026-01-22 16:19:56,597 INFO Generating background image.
2026-01-22 16:20:04,030 INFO Using base prompt: photorealistic wildlife photo, a single adult kangaroo, full body visible, uncropped, accurate anatomy, detailed fur, natural setting
2026-01-22 16:20:04,030 INFO Using paired prompt: retail product photo, a Japanese-style kangaroo plush toy, head-to-toe visible, uncropped, plush fabric, stitched seams, embroidered eyes, soft studio lighting
2026-01-22 16:20:04,030 INFO Generating anchor real object image.
2026-01-22 16:20:11,579 INFO Generating anchor toy object image.
2026-01-22 16:20:19,303 INFO Predicting real mask.
2026-01-22 16:20:19,501 INFO Predicting toy mask.
2026-01-22 16:20:19,729 INFO Computing alpha mattes.
2026-01-22 16:20:19,742 INFO Applying dominant color transformation.
2026-01-22 16:20:20,725 INFO Applying rare color transformation.
2026-01-22 16:20:23,555 INFO Compositing real images.
2026-01-22 16:20:23,593 INFO Compositing toy images.
2026-01-22 16:20:24,188 ERROR Scene real dom/rare differ outside object: 0.059676
2026-01-22 16:20:24,188 ERROR Scene toy dom/rare differ outside object: 0.092722
2026-01-22 16:20:24,212 INFO Run complete.
2026-01-22 16:20:24,215 INFO Starting run 003 (seed offset=3).
2026-01-22 16:20:24,215 INFO Generating background image.
2026-01-22 16:20:31,703 INFO Using base prompt: realistic nature photo, a single adult eastern grey kangaroo, head-to-toe visible, uncropped, anatomically correct, natural fur detail, natural daylight
2026-01-22 16:20:31,705 INFO Using paired prompt: studio product photo, a Japanese-style kangaroo plush toy, head-to-toe visible, uncropped, soft fabric, visible stitching, embroidered eyes, softbox lighting
2026-01-22 16:20:31,705 INFO Generating anchor real object image.
2026-01-22 16:20:39,335 INFO Generating anchor toy object image.
2026-01-22 16:20:46,972 INFO Predicting real mask.
2026-01-22 16:20:47,168 INFO Predicting toy mask.
2026-01-22 16:20:47,382 INFO Computing alpha mattes.
2026-01-22 16:20:47,392 INFO Applying dominant color transformation.
2026-01-22 16:20:48,384 INFO Applying rare color transformation.
2026-01-22 16:20:51,098 INFO Compositing real images.
2026-01-22 16:20:51,137 INFO Compositing toy images.
2026-01-22 16:20:51,952 ERROR Scene real dom/rare differ outside object: 0.051864
2026-01-22 16:20:51,952 ERROR Scene toy dom/rare differ outside object: 0.097328
2026-01-22 16:20:51,957 INFO Run complete.
2026-01-22 16:20:51,959 INFO Starting run 004 (seed offset=4).
2026-01-22 16:20:51,959 INFO Generating background image.
2026-01-22 16:20:59,388 INFO Using base prompt: realistic nature photo, a solitary adult kangaroo, full-length, fully in frame, anatomically correct, natural fur detail, well-framed
2026-01-22 16:20:59,389 INFO Using paired prompt: catalog product photo, a Japanese kawaii kangaroo plush doll, full-length, fully in frame, soft cloth, visible stitching, simple embroidered face, soft studio lighting
2026-01-22 16:20:59,389 INFO Generating anchor real object image.
2026-01-22 16:21:07,031 INFO Generating anchor toy object image.
2026-01-22 16:21:14,788 INFO Predicting real mask.
2026-01-22 16:21:14,984 INFO Predicting toy mask.
2026-01-22 16:21:15,197 INFO Computing alpha mattes.
2026-01-22 16:21:15,207 INFO Applying dominant color transformation.
2026-01-22 16:21:16,311 INFO Applying rare color transformation.
2026-01-22 16:21:19,501 INFO Compositing real images.
2026-01-22 16:21:19,539 INFO Compositing toy images.
2026-01-22 16:21:20,069 ERROR Scene real dom/rare differ outside object: 0.052297
2026-01-22 16:21:20,069 ERROR Scene toy dom/rare differ outside object: 0.054304
2026-01-22 16:21:20,075 INFO Run complete.
2026-01-22 16:21:20,077 INFO Starting run 005 (seed offset=5).
2026-01-22 16:21:20,078 INFO Generating background image.
2026-01-22 16:21:27,588 INFO Using base prompt: photorealistic wildlife photo, one adult kangaroo, full-length, fully in frame, accurate anatomy, detailed fur, well-framed
2026-01-22 16:21:27,588 INFO Using paired prompt: catalog product photo, a cute Japanese mascot kangaroo plush, full body visible, uncropped, plush fabric, stitched seams, embroidered eyes, clean studio background
2026-01-22 16:21:27,588 INFO Generating anchor real object image.
2026-01-22 16:21:35,245 INFO Generating anchor toy object image.
2026-01-22 16:21:43,017 INFO Predicting real mask.
2026-01-22 16:21:43,215 INFO Predicting toy mask.
2026-01-22 16:21:43,428 INFO Computing alpha mattes.
2026-01-22 16:21:43,438 INFO Applying dominant color transformation.
2026-01-22 16:21:44,560 INFO Applying rare color transformation.
2026-01-22 16:21:47,777 INFO Compositing real images.
2026-01-22 16:21:47,817 INFO Compositing toy images.
2026-01-22 16:21:48,731 ERROR Scene real dom/rare differ outside object: 0.038580
2026-01-22 16:21:48,731 ERROR Scene toy dom/rare differ outside object: 0.109229
2026-01-22 16:21:48,742 INFO Run complete.
2026-01-22 16:21:48,745 INFO Starting run 006 (seed offset=6).
2026-01-22 16:21:48,745 INFO Generating background image.
2026-01-22 16:21:56,158 INFO Using base prompt: photorealistic wildlife photo, a single adult eastern grey kangaroo, head-to-toe visible, uncropped, realistic proportions, detailed fur, well-framed
2026-01-22 16:21:56,158 INFO Using paired prompt: catalog product photo, a Japanese-style kangaroo plush toy, full-length, fully in frame, plush fabric, stitched seams, embroidered eyes, chibi proportions
2026-01-22 16:21:56,158 INFO Generating anchor real object image.
2026-01-22 16:22:03,825 INFO Generating anchor toy object image.
2026-01-22 16:22:11,568 INFO Predicting real mask.
2026-01-22 16:22:11,766 INFO Predicting toy mask.
2026-01-22 16:22:11,979 INFO Computing alpha mattes.
2026-01-22 16:22:11,990 INFO Applying dominant color transformation.
2026-01-22 16:22:13,107 INFO Applying rare color transformation.
2026-01-22 16:22:16,281 INFO Compositing real images.
2026-01-22 16:22:16,319 INFO Compositing toy images.
2026-01-22 16:22:16,865 ERROR Scene real dom/rare differ outside object: 0.062256
2026-01-22 16:22:16,866 ERROR Scene toy dom/rare differ outside object: 0.115123
2026-01-22 16:22:16,871 INFO Run complete.
2026-01-22 16:22:16,873 INFO Starting run 007 (seed offset=7).
2026-01-22 16:22:16,873 INFO Generating background image.
2026-01-22 16:22:24,286 INFO Using base prompt: ultra-realistic wildlife photo, one adult kangaroo, full body visible, uncropped, realistic proportions, detailed fur, well-framed
2026-01-22 16:22:24,286 INFO Using paired prompt: retail product photo, a cute Japanese mascot kangaroo plush, head-to-toe visible, uncropped, plush fabric, stitched seams, embroidered eyes, soft studio lighting
2026-01-22 16:22:24,286 INFO Generating anchor real object image.
2026-01-22 16:22:31,899 INFO Generating anchor toy object image.
2026-01-22 16:22:39,644 INFO Predicting real mask.
2026-01-22 16:22:39,841 INFO Predicting toy mask.
2026-01-22 16:22:40,053 INFO Computing alpha mattes.
2026-01-22 16:22:40,063 INFO Applying dominant color transformation.
2026-01-22 16:22:41,090 INFO Applying rare color transformation.
2026-01-22 16:22:44,065 INFO Compositing real images.
2026-01-22 16:22:44,109 INFO Compositing toy images.
2026-01-22 16:22:44,668 ERROR Scene real dom/rare differ outside object: 0.043079
2026-01-22 16:22:44,669 ERROR Scene toy dom/rare differ outside object: 0.081083
2026-01-22 16:22:44,675 INFO Run complete.
2026-01-22 16:22:44,678 INFO Starting run 008 (seed offset=8).
2026-01-22 16:22:44,678 INFO Generating background image.
2026-01-22 16:22:52,106 INFO Using base prompt: documentary wildlife photo, a single adult eastern grey kangaroo, head-to-toe visible, uncropped, anatomically correct, natural fur detail, rule of thirds
2026-01-22 16:22:52,106 INFO Using paired prompt: e-commerce product photo, a Japanese-style kangaroo plush toy, head-to-toe visible, uncropped, plush fabric, stitched seams, embroidered eyes, round face, blush cheeks
2026-01-22 16:22:52,106 INFO Generating anchor real object image.
2026-01-22 16:22:59,753 INFO Generating anchor toy object image.
2026-01-22 16:23:07,502 INFO Predicting real mask.
2026-01-22 16:23:07,699 INFO Predicting toy mask.
2026-01-22 16:23:07,911 INFO Computing alpha mattes.
2026-01-22 16:23:07,921 INFO Applying dominant color transformation.
2026-01-22 16:23:09,019 INFO Applying rare color transformation.
2026-01-22 16:23:12,133 INFO Compositing real images.
2026-01-22 16:23:12,175 INFO Compositing toy images.
2026-01-22 16:23:12,795 ERROR Scene real dom/rare differ outside object: 0.039566
2026-01-22 16:23:12,795 ERROR Scene toy dom/rare differ outside object: 0.072494
2026-01-22 16:23:12,807 INFO Run complete.
2026-01-22 16:23:12,810 INFO Starting run 009 (seed offset=9).
2026-01-22 16:23:12,810 INFO Generating background image.
2026-01-22 16:23:20,222 INFO Using base prompt: photorealistic wildlife photo, one adult kangaroo, head-to-toe visible, uncropped, realistic proportions, detailed fur, rule of thirds
2026-01-22 16:23:20,222 INFO Using paired prompt: catalog product photo, a Japanese kawaii kangaroo plush doll, full body visible, uncropped, soft fabric, visible stitching, embroidered eyes, clean studio background
2026-01-22 16:23:20,222 INFO Generating anchor real object image.
2026-01-22 16:23:27,893 INFO Generating anchor toy object image.
2026-01-22 16:23:35,704 INFO Predicting real mask.
2026-01-22 16:23:35,900 INFO Predicting toy mask.
2026-01-22 16:23:36,111 INFO Computing alpha mattes.
2026-01-22 16:23:36,122 INFO Applying dominant color transformation.
2026-01-22 16:23:37,308 INFO Applying rare color transformation.
2026-01-22 16:23:40,728 INFO Compositing real images.
2026-01-22 16:23:40,766 INFO Compositing toy images.
2026-01-22 16:23:41,332 ERROR Scene real dom/rare differ outside object: 0.046995
2026-01-22 16:23:41,332 ERROR Scene toy dom/rare differ outside object: 0.093127
2026-01-22 16:23:41,337 INFO Run complete.
